// Jest Snapshot v1, https://goo.gl/fbAQLP

exports[`<Link /> shallow rendering matches the snapshot 1`] = `
<a>
  Click
</a>
`;
